// Jest Snapshot v1, https://goo.gl/fbAQLP

exports[`ProjectForm renders correctly without props 1`] = `
<ProjectForm
  csrfToken="00"
  decimalPlaces={Array []}
  discordBotUrl={null}
  formAction="POST"
  formUrl="/"
  isWhitelabel={false}
  licenseUrl="/"
  missionForHeader={null}
  missions={
    Object {
      "default": "_",
    }
  }
  project={
    Object {
      "default": "_",
    }
  }
  projectForHeader={null}
  teams={Array []}
  termsReadonly={false}
  tokens={
    Object {
      "default": "_",
    }
  }
  visibilities={Array []}
>
  <ProjectSetup
    className="project-form"
    current="form"
    missionForHeader={null}
    owner={true}
    projectForHeader={null}
    sidebar={null}
    subfooter={
      <React.Fragment>
        <Button
          className=""
          disabled={false}
          form="project-form--form"
          onClick={[Function]}
          type="submit"
          value="create & close"
        />
        <ButtonBorder
          className=""
          form="project-form--form"
          onClick={[Function]}
          type="submit"
          value="create"
        />
        <ButtonBorder
          className=""
          onClick={[Function]}
          value="cancel"
        />
      </React.Fragment>
    }
  >
    <Layout
      category=""
      className="project-setup project-form"
      customTitle={
        <ProjectSetupHeader
          current="form"
          expanded={false}
          missionForHeader={null}
          owner={true}
          projectForHeader={null}
        />
      }
      hasBackButton={false}
      sidebar={null}
      subfooter={
        <React.Fragment>
          <Button
            className=""
            disabled={false}
            form="project-form--form"
            onClick={[Function]}
            type="submit"
            value="create & close"
          />
          <ButtonBorder
            className=""
            form="project-form--form"
            onClick={[Function]}
            type="submit"
            value="create"
          />
          <ButtonBorder
            className=""
            onClick={[Function]}
            value="cancel"
          />
        </React.Fragment>
      }
      title={null}
    >
      <div
        className="layout project-setup project-form"
      >
        <div
          className="layout--content"
        >
          <div
            className="layout--content--title"
          >
            <ProjectSetupHeader
              current="form"
              expanded={false}
              missionForHeader={null}
              owner={true}
              projectForHeader={null}
            >
              <styled.div
                backgroundImageUrl={null}
                expanded={false}
              >
                <StyledComponent
                  backgroundImageUrl={null}
                  expanded={false}
                  forwardedComponent={
                    Object {
                      "$$typeof": Symbol(react.forward_ref),
                      "attrs": Array [],
                      "componentStyle": ComponentStyle {
                        "componentId": "sc-bdVaJa",
                        "isStatic": false,
                        "lastClassName": "cvNMCl",
                        "rules": Array [
                          "
  font-size: 16px;
  font-weight: bold;
  color: white;
  cursor: default;
  margin-bottom: 1em;
  background-color: #201662;
  background-image: url(",
                          [Function],
                          ");
  background-position-x: 50%;
  background-position-y: center;
  background-repeat: no-repeat;
  background-size: cover;
  min-height: 150px;
  display: flex;
  flex-direction: column;
  text-shadow: 1px 1px 1px #3a3a3a;
  box-shadow: 0 5px 10px 0 rgba(0, 0, 0, 0.1);

  ",
                          [Function],
                          "
  
    @media (max-width: 640px) {
      margin-left: -25px;
      margin-right: -25px;
    }
",
                        ],
                      },
                      "displayName": "styled.div",
                      "foldedComponentIds": Array [],
                      "render": [Function],
                      "styledComponentId": "sc-bdVaJa",
                      "target": "div",
                      "toString": [Function],
                      "warnTooManyClasses": [Function],
                      "withComponent": [Function],
                    }
                  }
                  forwardedRef={null}
                >
                  <div
                    className="sc-bdVaJa cvNMCl"
                  >
                    <styled.div>
                      <StyledComponent
                        forwardedComponent={
                          Object {
                            "$$typeof": Symbol(react.forward_ref),
                            "attrs": Array [],
                            "componentStyle": ComponentStyle {
                              "componentId": "sc-bwzfXH",
                              "isStatic": true,
                              "lastClassName": "kAVJJi",
                              "rules": Array [
                                "
  display: flex;
  flex-flow: row;
  justify-content: space-between;
  margin: 0.7em;

  @media (max-width: 640px) {
    flex-direction: column;
  }
",
                              ],
                            },
                            "displayName": "styled.div",
                            "foldedComponentIds": Array [],
                            "render": [Function],
                            "styledComponentId": "sc-bwzfXH",
                            "target": "div",
                            "toString": [Function],
                            "warnTooManyClasses": [Function],
                            "withComponent": [Function],
                          }
                        }
                        forwardedRef={null}
                      >
                        <div
                          className="sc-bwzfXH kAVJJi"
                        />
                      </StyledComponent>
                    </styled.div>
                    <styled.div>
                      <StyledComponent
                        forwardedComponent={
                          Object {
                            "$$typeof": Symbol(react.forward_ref),
                            "attrs": Array [],
                            "componentStyle": ComponentStyle {
                              "componentId": "sc-EHOje",
                              "isStatic": true,
                              "lastClassName": "IBoeD",
                              "rules": Array [
                                "
  align-items: center;
  justify-content: center;
  display: flex;
  flex-grow: 2;
  flex-direction: column;

  img {
    max-height: 150px;
    margin-bottom: -50px;
    margin-top: 25px;
    border-radius: 2px;
    box-shadow: 0 10px 20px 0 rgba(32,22,98,.1);
  }

  h1 {
    font-size: 32px;
    font-style: normal;
    font-stretch: normal;
    letter-spacing: normal;
    text-align: center;
    min-height: 100px;
    display: flex;
    align-items: center;
  }

  h2 {
    font-size: 18px;
    text-transform: capitalize;
    font-style: normal;
    font-stretch: normal;
    letter-spacing: normal;
    text-align: center;
    min-height: 100px;
    display: flex;
    align-items: center;
    margin-top: -50px;
  }
",
                              ],
                            },
                            "displayName": "styled.div",
                            "foldedComponentIds": Array [],
                            "render": [Function],
                            "styledComponentId": "sc-EHOje",
                            "target": "div",
                            "toString": [Function],
                            "warnTooManyClasses": [Function],
                            "withComponent": [Function],
                          }
                        }
                        forwardedRef={null}
                      >
                        <div
                          className="sc-EHOje IBoeD"
                        >
                          <h1>
                            New Project
                          </h1>
                        </div>
                      </StyledComponent>
                    </styled.div>
                  </div>
                </StyledComponent>
              </styled.div>
            </ProjectSetupHeader>
          </div>
          <div
            className="layout--content--wrapper"
          >
            <div
              className="layout--content--content animated fadeIn faster"
            >
              <Flash
                className=""
                messages={Array []}
              >
                <div
                  className="flash-message-container"
                />
              </Flash>
              <form
                className="project-form--form"
                id="project-form--form"
                onSubmit={[Function]}
              >
                <InputFieldDropdown
                  eventHandler={[Function]}
                  name="project[mission_id]"
                  selectEntries={
                    Array [
                      Array [
                        "default",
                        "_",
                      ],
                    ]
                  }
                  symbolLimit={0}
                  title="mission"
                  value="_"
                >
                  <InputField
                    checkboxText=""
                    checked={false}
                    className="input-field__dropdown"
                    copyOnClick={false}
                    disabled={false}
                    errorText=""
                    eventHandler={[Function]}
                    imgInputRef={null}
                    imgPreviewDimensions="40x40"
                    imgPreviewUrl=""
                    imgRequirements=""
                    imgVerifier={[Function]}
                    max=""
                    min=""
                    name="project[mission_id]"
                    pattern=".*"
                    placeholder="Please enter value"
                    readOnly={false}
                    recommended={false}
                    required={false}
                    selectEntries={
                      Array [
                        Array [
                          "default",
                          "_",
                        ],
                      ]
                    }
                    step=""
                    symbolLimit={0}
                    title="mission"
                    type="select"
                    value="_"
                  >
                    <div
                      className="input-field input-field__dropdown"
                    >
                      <div
                        className="input-field--title"
                      >
                        <span
                          className="input-field--title--title"
                        >
                          mission
                        </span>
                        <span
                          className="input-field--title--required"
                        >
                          optional
                        </span>
                      </div>
                      <div
                        className="input-field--content"
                      >
                        <select
                          className="input-field--content__select"
                          disabled={false}
                          name="project[mission_id]"
                          onChange={[Function]}
                          required={false}
                          value="_"
                        >
                          <option
                            key="_"
                            value="_"
                          >
                            default
                          </option>
                        </select>
                      </div>
                    </div>
                  </InputField>
                </InputFieldDropdown>
                <InputFieldWhiteDark
                  eventHandler={[Function]}
                  name="project[title]"
                  placeholder="Provide a name for the project"
                  required={true}
                  symbolLimit={100}
                  title="title"
                  value=""
                >
                  <InputField
                    checkboxText=""
                    checked={false}
                    className="input-field__white__dark"
                    copyOnClick={false}
                    disabled={false}
                    errorText=""
                    eventHandler={[Function]}
                    imgInputRef={null}
                    imgPreviewDimensions="40x40"
                    imgPreviewUrl=""
                    imgRequirements=""
                    imgVerifier={[Function]}
                    max=""
                    min=""
                    name="project[title]"
                    pattern=".*"
                    placeholder="Provide a name for the project"
                    readOnly={false}
                    recommended={false}
                    required={true}
                    selectEntries={Array []}
                    step=""
                    symbolLimit={100}
                    title="title"
                    type="text"
                    value=""
                  >
                    <div
                      className="input-field input-field__white__dark"
                    >
                      <div
                        className="input-field--title"
                      >
                        <span
                          className="input-field--title--title"
                        >
                          title
                        </span>
                        <span
                          className="input-field--title--required"
                        >
                          required
                        </span>
                        <span
                          className="input-field--title--counter"
                        >
                          0
                          /
                          100
                        </span>
                      </div>
                      <div
                        className="input-field--content"
                      >
                        <input
                          className="input-field--content__text"
                          name="project[title]"
                          onChange={[Function]}
                          onClick={null}
                          pattern=".*"
                          placeholder="Provide a name for the project"
                          readOnly={false}
                          required={true}
                          type="text"
                          value=""
                        />
                      </div>
                    </div>
                  </InputField>
                </InputFieldWhiteDark>
                <InputFieldDescription
                  eventHandler={[Function]}
                  name="project[description]"
                  placeholder="Explain the outline and goal of the project, and why people should be excited about helping to execute the vision"
                  required={true}
                  symbolLimit={20000}
                  title="description"
                  value=""
                >
                  <InputField
                    checkboxText=""
                    checked={false}
                    className="input-field__description"
                    copyOnClick={false}
                    disabled={false}
                    errorText=""
                    eventHandler={[Function]}
                    imgInputRef={null}
                    imgPreviewDimensions="40x40"
                    imgPreviewUrl=""
                    imgRequirements=""
                    imgVerifier={[Function]}
                    max=""
                    min=""
                    name="project[description]"
                    pattern=".*"
                    placeholder="Explain the outline and goal of the project, and why people should be excited about helping to execute the vision"
                    readOnly={false}
                    recommended={false}
                    required={true}
                    selectEntries={Array []}
                    step=""
                    symbolLimit={20000}
                    title="description"
                    type="textarea"
                    value=""
                  >
                    <div
                      className="input-field input-field__description"
                    >
                      <div
                        className="input-field--title"
                      >
                        <span
                          className="input-field--title--title"
                        >
                          description
                        </span>
                        <span
                          className="input-field--title--required"
                        >
                          required
                        </span>
                        <span
                          className="input-field--title--counter"
                        >
                          0
                          /
                          20000
                        </span>
                      </div>
                      <div
                        className="input-field--content"
                      >
                        <textarea
                          className="input-field--content__text"
                          name="project[description]"
                          onChange={[Function]}
                          pattern=".*"
                          placeholder="Explain the outline and goal of the project, and why people should be excited about helping to execute the vision"
                          readOnly={false}
                          required={true}
                          value=""
                        />
                      </div>
                    </div>
                  </InputField>
                </InputFieldDescription>
                <InputFieldUploadFile
                  imgInputRef={
                    Object {
                      "current": <input
                        accept="image/*"
                        class="input-field--content__file"
                        name="project[square_image]"
                        type="file"
                      />,
                    }
                  }
                  imgPreviewDimensions="150x100"
                  imgRequirements="Image should be at least 1200px x 800px"
                  imgVerifier={[Function]}
                  name="project[square_image]"
                  title="project image"
                >
                  <InputField
                    checkboxText=""
                    checked={false}
                    className="input-field__upload-file"
                    copyOnClick={false}
                    disabled={false}
                    errorText=""
                    eventHandler={[Function]}
                    imgInputRef={
                      Object {
                        "current": <input
                          accept="image/*"
                          class="input-field--content__file"
                          name="project[square_image]"
                          type="file"
                        />,
                      }
                    }
                    imgPreviewDimensions="150x100"
                    imgPreviewUrl=""
                    imgRequirements="Image should be at least 1200px x 800px"
                    imgVerifier={[Function]}
                    max=""
                    min=""
                    name="project[square_image]"
                    pattern=".*"
                    placeholder="Please enter value"
                    readOnly={false}
                    recommended={false}
                    required={false}
                    selectEntries={Array []}
                    step=""
                    symbolLimit={0}
                    title="project image"
                    type="file"
                    value=""
                  >
                    <div
                      className="input-field input-field__upload-file"
                    >
                      <div
                        className="input-field--title"
                      >
                        <span
                          className="input-field--title--title"
                        >
                          project image
                        </span>
                        <span
                          className="input-field--title--required"
                        >
                          optional
                        </span>
                      </div>
                      <div
                        className="input-field--content"
                      >
                        <input
                          accept="image/*"
                          className="input-field--content__file"
                          name="project[square_image]"
                          onChange={[Function]}
                          required={false}
                          type="file"
                        />
                        <span
                          className="input-field--content__file--requirements"
                        >
                          Image should be at least 1200px x 800px
                        </span>
                      </div>
                    </div>
                  </InputField>
                </InputFieldUploadFile>
                <InputFieldUploadFile
                  imgInputRef={
                    Object {
                      "current": <input
                        accept="image/*"
                        class="input-field--content__file"
                        name="project[panoramic_image]"
                        type="file"
                      />,
                    }
                  }
                  imgPreviewDimensions="375x75"
                  imgRequirements="Image should be at least 1500px x 300px"
                  imgVerifier={[Function]}
                  name="project[panoramic_image]"
                  title="project image – panoramic"
                >
                  <InputField
                    checkboxText=""
                    checked={false}
                    className="input-field__upload-file"
                    copyOnClick={false}
                    disabled={false}
                    errorText=""
                    eventHandler={[Function]}
                    imgInputRef={
                      Object {
                        "current": <input
                          accept="image/*"
                          class="input-field--content__file"
                          name="project[panoramic_image]"
                          type="file"
                        />,
                      }
                    }
                    imgPreviewDimensions="375x75"
                    imgPreviewUrl=""
                    imgRequirements="Image should be at least 1500px x 300px"
                    imgVerifier={[Function]}
                    max=""
                    min=""
                    name="project[panoramic_image]"
                    pattern=".*"
                    placeholder="Please enter value"
                    readOnly={false}
                    recommended={false}
                    required={false}
                    selectEntries={Array []}
                    step=""
                    symbolLimit={0}
                    title="project image – panoramic"
                    type="file"
                    value=""
                  >
                    <div
                      className="input-field input-field__upload-file"
                    >
                      <div
                        className="input-field--title"
                      >
                        <span
                          className="input-field--title--title"
                        >
                          project image – panoramic
                        </span>
                        <span
                          className="input-field--title--required"
                        >
                          optional
                        </span>
                      </div>
                      <div
                        className="input-field--content"
                      >
                        <input
                          accept="image/*"
                          className="input-field--content__file"
                          name="project[panoramic_image]"
                          onChange={[Function]}
                          required={false}
                          type="file"
                        />
                        <span
                          className="input-field--content__file--requirements"
                        >
                          Image should be at least 1500px x 300px
                        </span>
                      </div>
                    </div>
                  </InputField>
                </InputFieldUploadFile>
                <input
                  name="project[long_id]"
                  readOnly={true}
                  type="hidden"
                />
                <input
                  name="authenticity_token"
                  readOnly={true}
                  type="hidden"
                  value="00"
                />
                <h2>
                  Links
                </h2>
                <InputFieldWhiteDark
                  eventHandler={[Function]}
                  name="project[video_url]"
                  placeholder="Link to a YouTube or Vimeo video describing the project"
                  recommended={true}
                  symbolLimit={0}
                  title="narrated video overview"
                  value=""
                >
                  <InputField
                    checkboxText=""
                    checked={false}
                    className="input-field__white__dark"
                    copyOnClick={false}
                    disabled={false}
                    errorText=""
                    eventHandler={[Function]}
                    imgInputRef={null}
                    imgPreviewDimensions="40x40"
                    imgPreviewUrl=""
                    imgRequirements=""
                    imgVerifier={[Function]}
                    max=""
                    min=""
                    name="project[video_url]"
                    pattern=".*"
                    placeholder="Link to a YouTube or Vimeo video describing the project"
                    readOnly={false}
                    recommended={true}
                    required={false}
                    selectEntries={Array []}
                    step=""
                    symbolLimit={0}
                    title="narrated video overview"
                    type="text"
                    value=""
                  >
                    <div
                      className="input-field input-field__white__dark"
                    >
                      <div
                        className="input-field--title"
                      >
                        <span
                          className="input-field--title--title"
                        >
                          narrated video overview
                        </span>
                        <span
                          className="input-field--title--required"
                        >
                          recommended
                        </span>
                      </div>
                      <div
                        className="input-field--content"
                      >
                        <input
                          className="input-field--content__text"
                          name="project[video_url]"
                          onChange={[Function]}
                          onClick={null}
                          pattern=".*"
                          placeholder="Link to a YouTube or Vimeo video describing the project"
                          readOnly={false}
                          required={false}
                          type="text"
                          value=""
                        />
                      </div>
                    </div>
                  </InputField>
                </InputFieldWhiteDark>
                <InputFieldWhiteDark
                  eventHandler={[Function]}
                  name="project[getting_started_url]"
                  placeholder="Link to how to get started with your project"
                  recommended={true}
                  symbolLimit={0}
                  title="getting started url"
                  value=""
                >
                  <InputField
                    checkboxText=""
                    checked={false}
                    className="input-field__white__dark"
                    copyOnClick={false}
                    disabled={false}
                    errorText=""
                    eventHandler={[Function]}
                    imgInputRef={null}
                    imgPreviewDimensions="40x40"
                    imgPreviewUrl=""
                    imgRequirements=""
                    imgVerifier={[Function]}
                    max=""
                    min=""
                    name="project[getting_started_url]"
                    pattern=".*"
                    placeholder="Link to how to get started with your project"
                    readOnly={false}
                    recommended={true}
                    required={false}
                    selectEntries={Array []}
                    step=""
                    symbolLimit={0}
                    title="getting started url"
                    type="text"
                    value=""
                  >
                    <div
                      className="input-field input-field__white__dark"
                    >
                      <div
                        className="input-field--title"
                      >
                        <span
                          className="input-field--title--title"
                        >
                          getting started url
                        </span>
                        <span
                          className="input-field--title--required"
                        >
                          recommended
                        </span>
                      </div>
                      <div
                        className="input-field--content"
                      >
                        <input
                          className="input-field--content__text"
                          name="project[getting_started_url]"
                          onChange={[Function]}
                          onClick={null}
                          pattern=".*"
                          placeholder="Link to how to get started with your project"
                          readOnly={false}
                          required={false}
                          type="text"
                          value=""
                        />
                      </div>
                    </div>
                  </InputField>
                </InputFieldWhiteDark>
                <InputFieldWhiteDark
                  eventHandler={[Function]}
                  name="project[github_url]"
                  placeholder="Link to a GitHub repository"
                  symbolLimit={0}
                  title="github project url"
                  value=""
                >
                  <InputField
                    checkboxText=""
                    checked={false}
                    className="input-field__white__dark"
                    copyOnClick={false}
                    disabled={false}
                    errorText=""
                    eventHandler={[Function]}
                    imgInputRef={null}
                    imgPreviewDimensions="40x40"
                    imgPreviewUrl=""
                    imgRequirements=""
                    imgVerifier={[Function]}
                    max=""
                    min=""
                    name="project[github_url]"
                    pattern=".*"
                    placeholder="Link to a GitHub repository"
                    readOnly={false}
                    recommended={false}
                    required={false}
                    selectEntries={Array []}
                    step=""
                    symbolLimit={0}
                    title="github project url"
                    type="text"
                    value=""
                  >
                    <div
                      className="input-field input-field__white__dark"
                    >
                      <div
                        className="input-field--title"
                      >
                        <span
                          className="input-field--title--title"
                        >
                          github project url
                        </span>
                        <span
                          className="input-field--title--required"
                        >
                          optional
                        </span>
                      </div>
                      <div
                        className="input-field--content"
                      >
                        <input
                          className="input-field--content__text"
                          name="project[github_url]"
                          onChange={[Function]}
                          onClick={null}
                          pattern=".*"
                          placeholder="Link to a GitHub repository"
                          readOnly={false}
                          required={false}
                          type="text"
                          value=""
                        />
                      </div>
                    </div>
                  </InputField>
                </InputFieldWhiteDark>
                <InputFieldWhiteDark
                  eventHandler={[Function]}
                  name="project[documentation_url]"
                  placeholder="Link to your projects documentation"
                  symbolLimit={0}
                  title="documentation url"
                  value=""
                >
                  <InputField
                    checkboxText=""
                    checked={false}
                    className="input-field__white__dark"
                    copyOnClick={false}
                    disabled={false}
                    errorText=""
                    eventHandler={[Function]}
                    imgInputRef={null}
                    imgPreviewDimensions="40x40"
                    imgPreviewUrl=""
                    imgRequirements=""
                    imgVerifier={[Function]}
                    max=""
                    min=""
                    name="project[documentation_url]"
                    pattern=".*"
                    placeholder="Link to your projects documentation"
                    readOnly={false}
                    recommended={false}
                    required={false}
                    selectEntries={Array []}
                    step=""
                    symbolLimit={0}
                    title="documentation url"
                    type="text"
                    value=""
                  >
                    <div
                      className="input-field input-field__white__dark"
                    >
                      <div
                        className="input-field--title"
                      >
                        <span
                          className="input-field--title--title"
                        >
                          documentation url
                        </span>
                        <span
                          className="input-field--title--required"
                        >
                          optional
                        </span>
                      </div>
                      <div
                        className="input-field--content"
                      >
                        <input
                          className="input-field--content__text"
                          name="project[documentation_url]"
                          onChange={[Function]}
                          onClick={null}
                          pattern=".*"
                          placeholder="Link to your projects documentation"
                          readOnly={false}
                          required={false}
                          type="text"
                          value=""
                        />
                      </div>
                    </div>
                  </InputField>
                </InputFieldWhiteDark>
                <InputFieldWhiteDark
                  eventHandler={[Function]}
                  name="project[governance_url]"
                  placeholder="Link to your project governance (e.g. Loomio.com or DAOstack.io"
                  symbolLimit={0}
                  title="governance url"
                  value=""
                >
                  <InputField
                    checkboxText=""
                    checked={false}
                    className="input-field__white__dark"
                    copyOnClick={false}
                    disabled={false}
                    errorText=""
                    eventHandler={[Function]}
                    imgInputRef={null}
                    imgPreviewDimensions="40x40"
                    imgPreviewUrl=""
                    imgRequirements=""
                    imgVerifier={[Function]}
                    max=""
                    min=""
                    name="project[governance_url]"
                    pattern=".*"
                    placeholder="Link to your project governance (e.g. Loomio.com or DAOstack.io"
                    readOnly={false}
                    recommended={false}
                    required={false}
                    selectEntries={Array []}
                    step=""
                    symbolLimit={0}
                    title="governance url"
                    type="text"
                    value=""
                  >
                    <div
                      className="input-field input-field__white__dark"
                    >
                      <div
                        className="input-field--title"
                      >
                        <span
                          className="input-field--title--title"
                        >
                          governance url
                        </span>
                        <span
                          className="input-field--title--required"
                        >
                          optional
                        </span>
                      </div>
                      <div
                        className="input-field--content"
                      >
                        <input
                          className="input-field--content__text"
                          name="project[governance_url]"
                          onChange={[Function]}
                          onClick={null}
                          pattern=".*"
                          placeholder="Link to your project governance (e.g. Loomio.com or DAOstack.io"
                          readOnly={false}
                          required={false}
                          type="text"
                          value=""
                        />
                      </div>
                    </div>
                  </InputField>
                </InputFieldWhiteDark>
                <InputFieldWhiteDark
                  eventHandler={[Function]}
                  name="project[funding_url]"
                  placeholder="Link to your funding (e.g. Open Collective or a DAO funding url)"
                  symbolLimit={0}
                  title="funding url"
                  value=""
                >
                  <InputField
                    checkboxText=""
                    checked={false}
                    className="input-field__white__dark"
                    copyOnClick={false}
                    disabled={false}
                    errorText=""
                    eventHandler={[Function]}
                    imgInputRef={null}
                    imgPreviewDimensions="40x40"
                    imgPreviewUrl=""
                    imgRequirements=""
                    imgVerifier={[Function]}
                    max=""
                    min=""
                    name="project[funding_url]"
                    pattern=".*"
                    placeholder="Link to your funding (e.g. Open Collective or a DAO funding url)"
                    readOnly={false}
                    recommended={false}
                    required={false}
                    selectEntries={Array []}
                    step=""
                    symbolLimit={0}
                    title="funding url"
                    type="text"
                    value=""
                  >
                    <div
                      className="input-field input-field__white__dark"
                    >
                      <div
                        className="input-field--title"
                      >
                        <span
                          className="input-field--title--title"
                        >
                          funding url
                        </span>
                        <span
                          className="input-field--title--required"
                        >
                          optional
                        </span>
                      </div>
                      <div
                        className="input-field--content"
                      >
                        <input
                          className="input-field--content__text"
                          name="project[funding_url]"
                          onChange={[Function]}
                          onClick={null}
                          pattern=".*"
                          placeholder="Link to your funding (e.g. Open Collective or a DAO funding url)"
                          readOnly={false}
                          required={false}
                          type="text"
                          value=""
                        />
                      </div>
                    </div>
                  </InputField>
                </InputFieldWhiteDark>
                <InputFieldWhiteDark
                  eventHandler={[Function]}
                  name="project[video_conference_url]"
                  placeholder="Link to your teams video conference url"
                  symbolLimit={0}
                  title="video conference url"
                  value=""
                >
                  <InputField
                    checkboxText=""
                    checked={false}
                    className="input-field__white__dark"
                    copyOnClick={false}
                    disabled={false}
                    errorText=""
                    eventHandler={[Function]}
                    imgInputRef={null}
                    imgPreviewDimensions="40x40"
                    imgPreviewUrl=""
                    imgRequirements=""
                    imgVerifier={[Function]}
                    max=""
                    min=""
                    name="project[video_conference_url]"
                    pattern=".*"
                    placeholder="Link to your teams video conference url"
                    readOnly={false}
                    recommended={false}
                    required={false}
                    selectEntries={Array []}
                    step=""
                    symbolLimit={0}
                    title="video conference url"
                    type="text"
                    value=""
                  >
                    <div
                      className="input-field input-field__white__dark"
                    >
                      <div
                        className="input-field--title"
                      >
                        <span
                          className="input-field--title--title"
                        >
                          video conference url
                        </span>
                        <span
                          className="input-field--title--required"
                        >
                          optional
                        </span>
                      </div>
                      <div
                        className="input-field--content"
                      >
                        <input
                          className="input-field--content__text"
                          name="project[video_conference_url]"
                          onChange={[Function]}
                          onClick={null}
                          pattern=".*"
                          placeholder="Link to your teams video conference url"
                          readOnly={false}
                          required={false}
                          type="text"
                          value=""
                        />
                      </div>
                    </div>
                  </InputField>
                </InputFieldWhiteDark>
                <h2>
                  Tokens
                </h2>
                <InputFieldDropdown
                  eventHandler={[Function]}
                  name="project[token_id]"
                  selectEntries={
                    Array [
                      Array [
                        "default",
                        "_",
                      ],
                    ]
                  }
                  symbolLimit={0}
                  title="token"
                  value="_"
                >
                  <InputField
                    checkboxText=""
                    checked={false}
                    className="input-field__dropdown"
                    copyOnClick={false}
                    disabled={false}
                    errorText=""
                    eventHandler={[Function]}
                    imgInputRef={null}
                    imgPreviewDimensions="40x40"
                    imgPreviewUrl=""
                    imgRequirements=""
                    imgVerifier={[Function]}
                    max=""
                    min=""
                    name="project[token_id]"
                    pattern=".*"
                    placeholder="Please enter value"
                    readOnly={false}
                    recommended={false}
                    required={false}
                    selectEntries={
                      Array [
                        Array [
                          "default",
                          "_",
                        ],
                      ]
                    }
                    step=""
                    symbolLimit={0}
                    title="token"
                    type="select"
                    value="_"
                  >
                    <div
                      className="input-field input-field__dropdown"
                    >
                      <div
                        className="input-field--title"
                      >
                        <span
                          className="input-field--title--title"
                        >
                          token
                        </span>
                        <span
                          className="input-field--title--required"
                        >
                          optional
                        </span>
                      </div>
                      <div
                        className="input-field--content"
                      >
                        <select
                          className="input-field--content__select"
                          disabled={false}
                          name="project[token_id]"
                          onChange={[Function]}
                          required={false}
                          value="_"
                        >
                          <option
                            key="_"
                            value="_"
                          >
                            default
                          </option>
                        </select>
                      </div>
                    </div>
                  </InputField>
                </InputFieldDropdown>
                <InputFieldWhiteDark
                  eventHandler={[Function]}
                  min="0"
                  name="project[maximum_tokens]"
                  pattern="\\\\d+"
                  placeholder="Provide the budget for completing the entire project"
                  step="1"
                  symbolLimit={0}
                  title="total budget"
                  type="number"
                  value=""
                >
                  <InputField
                    checkboxText=""
                    checked={false}
                    className="input-field__white__dark"
                    copyOnClick={false}
                    disabled={false}
                    errorText=""
                    eventHandler={[Function]}
                    imgInputRef={null}
                    imgPreviewDimensions="40x40"
                    imgPreviewUrl=""
                    imgRequirements=""
                    imgVerifier={[Function]}
                    max=""
                    min="0"
                    name="project[maximum_tokens]"
                    pattern="\\\\d+"
                    placeholder="Provide the budget for completing the entire project"
                    readOnly={false}
                    recommended={false}
                    required={false}
                    selectEntries={Array []}
                    step="1"
                    symbolLimit={0}
                    title="total budget"
                    type="number"
                    value=""
                  >
                    <div
                      className="input-field input-field__white__dark"
                    >
                      <div
                        className="input-field--title"
                      >
                        <span
                          className="input-field--title--title"
                        >
                          total budget
                        </span>
                        <span
                          className="input-field--title--required"
                        >
                          optional
                        </span>
                      </div>
                      <div
                        className="input-field--content"
                      >
                        <input
                          className="input-field--content__text"
                          max=""
                          min="0"
                          name="project[maximum_tokens]"
                          onChange={[Function]}
                          onClick={null}
                          placeholder="Provide the budget for completing the entire project"
                          readOnly={false}
                          required={false}
                          step="1"
                          type="number"
                          value=""
                        />
                      </div>
                    </div>
                  </InputField>
                </InputFieldWhiteDark>
                <h2>
                  Communication Channels
                </h2>
                <div
                  className="project-form--form--channels--empty"
                >
                  Start adding channels by signing in with Slack or Discord
                </div>
                <h2>
                  Permissions & Visibility
                </h2>
                <InputFieldDropdown
                  eventHandler={[Function]}
                  name="project[require_confidentiality]"
                  required={true}
                  selectEntries={
                    Array [
                      Array [
                        "Only admins can see list of rewards",
                        "true",
                      ],
                      Array [
                        "Show all awards & contributions",
                        "false",
                      ],
                    ]
                  }
                  symbolLimit={0}
                  title="awards visibility"
                  value="false"
                >
                  <InputField
                    checkboxText=""
                    checked={false}
                    className="input-field__dropdown"
                    copyOnClick={false}
                    disabled={false}
                    errorText=""
                    eventHandler={[Function]}
                    imgInputRef={null}
                    imgPreviewDimensions="40x40"
                    imgPreviewUrl=""
                    imgRequirements=""
                    imgVerifier={[Function]}
                    max=""
                    min=""
                    name="project[require_confidentiality]"
                    pattern=".*"
                    placeholder="Please enter value"
                    readOnly={false}
                    recommended={false}
                    required={true}
                    selectEntries={
                      Array [
                        Array [
                          "Only admins can see list of rewards",
                          "true",
                        ],
                        Array [
                          "Show all awards & contributions",
                          "false",
                        ],
                      ]
                    }
                    step=""
                    symbolLimit={0}
                    title="awards visibility"
                    type="select"
                    value="false"
                  >
                    <div
                      className="input-field input-field__dropdown"
                    >
                      <div
                        className="input-field--title"
                      >
                        <span
                          className="input-field--title--title"
                        >
                          awards visibility
                        </span>
                        <span
                          className="input-field--title--required"
                        >
                          required
                        </span>
                      </div>
                      <div
                        className="input-field--content"
                      >
                        <select
                          className="input-field--content__select"
                          disabled={false}
                          name="project[require_confidentiality]"
                          onChange={[Function]}
                          required={true}
                          value="false"
                        >
                          <option
                            key="true"
                            value="true"
                          >
                            Only admins can see list of rewards
                          </option>
                          <option
                            key="false"
                            value="false"
                          >
                            Show all awards & contributions
                          </option>
                        </select>
                      </div>
                    </div>
                  </InputField>
                </InputFieldDropdown>
                <InputFieldDropdown
                  eventHandler={[Function]}
                  name="project[display_team]"
                  required={true}
                  selectEntries={
                    Array [
                      Array [
                        "Yes",
                        "true",
                      ],
                      Array [
                        "No",
                        "false",
                      ],
                    ]
                  }
                  symbolLimit={0}
                  title="display team on project page"
                  value="false"
                >
                  <InputField
                    checkboxText=""
                    checked={false}
                    className="input-field__dropdown"
                    copyOnClick={false}
                    disabled={false}
                    errorText=""
                    eventHandler={[Function]}
                    imgInputRef={null}
                    imgPreviewDimensions="40x40"
                    imgPreviewUrl=""
                    imgRequirements=""
                    imgVerifier={[Function]}
                    max=""
                    min=""
                    name="project[display_team]"
                    pattern=".*"
                    placeholder="Please enter value"
                    readOnly={false}
                    recommended={false}
                    required={true}
                    selectEntries={
                      Array [
                        Array [
                          "Yes",
                          "true",
                        ],
                        Array [
                          "No",
                          "false",
                        ],
                      ]
                    }
                    step=""
                    symbolLimit={0}
                    title="display team on project page"
                    type="select"
                    value="false"
                  >
                    <div
                      className="input-field input-field__dropdown"
                    >
                      <div
                        className="input-field--title"
                      >
                        <span
                          className="input-field--title--title"
                        >
                          display team on project page
                        </span>
                        <span
                          className="input-field--title--required"
                        >
                          required
                        </span>
                      </div>
                      <div
                        className="input-field--content"
                      >
                        <select
                          className="input-field--content__select"
                          disabled={false}
                          name="project[display_team]"
                          onChange={[Function]}
                          required={true}
                          value="false"
                        >
                          <option
                            key="true"
                            value="true"
                          >
                            Yes
                          </option>
                          <option
                            key="false"
                            value="false"
                          >
                            No
                          </option>
                        </select>
                      </div>
                    </div>
                  </InputField>
                </InputFieldDropdown>
                <InputFieldDropdown
                  eventHandler={[Function]}
                  name="project[visibility]"
                  required={true}
                  selectEntries={Array []}
                  symbolLimit={0}
                  title="project visibility"
                >
                  <InputField
                    checkboxText=""
                    checked={false}
                    className="input-field__dropdown"
                    copyOnClick={false}
                    disabled={false}
                    errorText=""
                    eventHandler={[Function]}
                    imgInputRef={null}
                    imgPreviewDimensions="40x40"
                    imgPreviewUrl=""
                    imgRequirements=""
                    imgVerifier={[Function]}
                    max=""
                    min=""
                    name="project[visibility]"
                    pattern=".*"
                    placeholder="Please enter value"
                    readOnly={false}
                    recommended={false}
                    required={true}
                    selectEntries={Array []}
                    step=""
                    symbolLimit={0}
                    title="project visibility"
                    type="select"
                    value=""
                  >
                    <div
                      className="input-field input-field__dropdown"
                    >
                      <div
                        className="input-field--title"
                      >
                        <span
                          className="input-field--title--title"
                        >
                          project visibility
                        </span>
                        <span
                          className="input-field--title--required"
                        >
                          required
                        </span>
                      </div>
                      <div
                        className="input-field--content"
                      >
                        <select
                          className="input-field--content__select"
                          disabled={false}
                          name="project[visibility]"
                          onChange={[Function]}
                          required={true}
                          value=""
                        />
                      </div>
                    </div>
                  </InputField>
                </InputFieldDropdown>
                <InputFieldWhiteDark
                  copyOnClick={true}
                  eventHandler={[Function]}
                  name="project[url]"
                  readOnly={true}
                  required={true}
                  symbolLimit={0}
                  title="project url"
                  value=""
                >
                  <InputField
                    checkboxText=""
                    checked={false}
                    className="input-field__white__dark"
                    copyOnClick={true}
                    disabled={false}
                    errorText=""
                    eventHandler={[Function]}
                    imgInputRef={null}
                    imgPreviewDimensions="40x40"
                    imgPreviewUrl=""
                    imgRequirements=""
                    imgVerifier={[Function]}
                    max=""
                    min=""
                    name="project[url]"
                    pattern=".*"
                    placeholder="Please enter value"
                    readOnly={true}
                    recommended={false}
                    required={true}
                    selectEntries={Array []}
                    step=""
                    symbolLimit={0}
                    title="project url"
                    type="text"
                    value=""
                  >
                    <div
                      className="input-field input-field__white__dark"
                    >
                      <div
                        className="input-field--title"
                      >
                        <span
                          className="input-field--title--title"
                        >
                          project url
                        </span>
                        <span
                          className="input-field--title--required"
                        >
                          required
                        </span>
                      </div>
                      <div
                        className="input-field--content"
                      >
                        <input
                          className="input-field--content__text input-field--content__text__copyable"
                          name="project[url]"
                          onChange={[Function]}
                          onClick={[Function]}
                          pattern=".*"
                          placeholder="Please enter value"
                          readOnly={true}
                          required={true}
                          type="text"
                          value=""
                        />
                      </div>
                    </div>
                  </InputField>
                </InputFieldWhiteDark>
              </form>
            </div>
          </div>
        </div>
        <div
          className="layout--subfooter"
        >
          <div
            className="layout--subfooter--buttons"
          >
            <Button
              className=""
              disabled={false}
              form="project-form--form"
              onClick={[Function]}
              type="submit"
              value="create & close"
            >
              <input
                className="button"
                disabled={false}
                form="project-form--form"
                onClick={[Function]}
                type="submit"
                value="create & close"
              />
            </Button>
            <ButtonBorder
              className=""
              form="project-form--form"
              onClick={[Function]}
              type="submit"
              value="create"
            >
              <Button
                className="button__border"
                disabled={false}
                form="project-form--form"
                onClick={[Function]}
                type="submit"
                value="create"
              >
                <input
                  className="button button__border"
                  disabled={false}
                  form="project-form--form"
                  onClick={[Function]}
                  type="submit"
                  value="create"
                />
              </Button>
            </ButtonBorder>
            <ButtonBorder
              className=""
              onClick={[Function]}
              value="cancel"
            >
              <Button
                className="button__border"
                disabled={false}
                onClick={[Function]}
                type="button"
                value="cancel"
              >
                <input
                  className="button button__border"
                  disabled={false}
                  onClick={[Function]}
                  type="button"
                  value="cancel"
                />
              </Button>
            </ButtonBorder>
          </div>
        </div>
      </div>
    </Layout>
  </ProjectSetup>
</ProjectForm>
`;
