// Jest Snapshot v1, https://goo.gl/fbAQLP

exports[`Project renders correctly without props 1`] = `
<Project
  awardsPath=""
  contributorsPath=""
  csrfToken=""
  editPath={null}
  interested={false}
  missionData={null}
  projectData={
    Object {
      "chartData": Array [],
      "contributors": Array [],
      "description": "",
      "teamLeader": Object {},
    }
  }
  specialtyInterested={Array []}
  tokenData={null}
>
  <div
    className="project-container"
  >
    <div
      className="project-header"
      style={
        Object {
          "backgroundImage": "url(undefined)",
        }
      }
    >
      <div
        className="project-header__blur"
      />
      <div
        className="project-header__content"
      >
        <div
          className="project-header__menu"
        >
          <div
            className="project-header__menu__links"
          />
        </div>
        <div
          className="project-header__name"
        >
           
           
        </div>
        <div
          className="project-header__owner"
        >
           by 
           
        </div>
      </div>
    </div>
    <div
      className="project-award"
    >
      <div
        className="project-contributors"
      >
        <div
          className="project-leader"
        >
          <div
            className="project-leader__info"
          >
            <div
              className="project-leader__title"
            >
              Team Leader
            </div>
             
          </div>
          <img
            className="project-leader__avatar"
          />
        </div>
        <div
          className="project-contributors__container"
        >
          <img
            className="project-leader__avatar project-leader__avatar--mobile"
          />
        </div>
      </div>
    </div>
    <div
      className="project-description"
    >
      <div
        className="project-description__video"
      >
        <img
          width="100%"
        />
      </div>
      <div
        className="project-description__text"
      >
        <div
          className="project-description__text--first"
        >
          .
        </div>
        <div
          dangerouslySetInnerHTML={
            Object {
              "__html": undefined,
            }
          }
        />
      </div>
    </div>
    <div
      className="project-interest"
    >
      <button
        className="button project-interest__button"
        onClick={[Function]}
      >
        I’m Interested
      </button>
      <p
        className="project-interest__text"
      >
        Let the project leaders know that you are interested in the project so they can invite you to tasks that you are qualified for.
      </p>
    </div>
    <div
      className="project-skills"
    >
      <div
        className="project-skills__title"
      >
        SKILLS NEEDED
      </div>
      <div
        className="project-skills__subtitle"
      >
        Take a challenge to demonstrate your skills. You will be invited to complete tasks that match your skill level for this and other projects
      </div>
      <div
        className="project-skill-container"
        key="development"
      >
        <div
          className="project-skill__background"
        >
          <img
            className="project-skill__background__img"
            src="test-file-stub"
          />
          <div
            className="project-skill__background__title"
          >
            Software Development
            <div
              className="project-skill__background__icon"
            >
              <img
                className="skill-icon--background"
                src="test-file-stub"
              />
              <img
                className="skill-icon"
                src="test-file-stub"
              />
            </div>
          </div>
        </div>
        <div
          className="project-skill__interest"
        >
          <div
            className="project-skill__interest__button"
            onClick={[Function]}
          >
            I'm Interested
          </div>
        </div>
      </div>
      <div
        className="project-skill-container"
        key="design"
      >
        <div
          className="project-skill__background"
        >
          <img
            className="project-skill__background__img"
            src="test-file-stub"
          />
          <div
            className="project-skill__background__title"
          >
            UX / UI DESIGN
            <div
              className="project-skill__background__icon"
            >
              <img
                className="skill-icon--background"
                src="test-file-stub"
              />
              <img
                className="skill-icon"
                src="test-file-stub"
              />
            </div>
          </div>
        </div>
        <div
          className="project-skill__interest"
        >
          <div
            className="project-skill__interest__button"
            onClick={[Function]}
          >
            I'm Interested
          </div>
        </div>
      </div>
      <div
        className="project-skill-container"
        key="research"
      >
        <div
          className="project-skill__background"
        >
          <img
            className="project-skill__background__img"
            src="test-file-stub"
          />
          <div
            className="project-skill__background__title"
          >
            Research
            <div
              className="project-skill__background__icon"
            >
              <img
                className="skill-icon--background"
                src="test-file-stub"
              />
              <img
                className="skill-icon"
                src="test-file-stub"
              />
            </div>
          </div>
        </div>
        <div
          className="project-skill__interest"
        >
          <div
            className="project-skill__interest__button"
            onClick={[Function]}
          >
            I'm Interested
          </div>
        </div>
      </div>
      <div
        className="project-skill-container"
        key="community"
      >
        <div
          className="project-skill__background"
        >
          <img
            className="project-skill__background__img"
            src="test-file-stub"
          />
          <div
            className="project-skill__background__title"
          >
            COMMUNITY MANAGEMENT
            <div
              className="project-skill__background__icon"
            >
              <img
                className="skill-icon--background"
                src="test-file-stub"
              />
              <img
                className="skill-icon"
                src="test-file-stub"
              />
            </div>
          </div>
        </div>
        <div
          className="project-skill__interest"
        >
          <div
            className="project-skill__interest__button"
            onClick={[Function]}
          >
            I'm Interested
          </div>
        </div>
      </div>
      <div
        className="project-skill-container"
        key="data"
      >
        <div
          className="project-skill__background"
        >
          <img
            className="project-skill__background__img"
            src="test-file-stub"
          />
          <div
            className="project-skill__background__title"
          >
            DATA GATHERING
            <div
              className="project-skill__background__icon"
            >
              <img
                className="skill-icon--background"
                src="test-file-stub"
              />
              <img
                className="skill-icon"
                src="test-file-stub"
              />
            </div>
          </div>
        </div>
        <div
          className="project-skill__interest"
        >
          <div
            className="project-skill__interest__button"
            onClick={[Function]}
          >
            I'm Interested
          </div>
        </div>
      </div>
      <div
        className="project-skill-container"
        key="audio"
      >
        <div
          className="project-skill__background"
        >
          <img
            className="project-skill__background__img"
            src="test-file-stub"
          />
          <div
            className="project-skill__background__title"
          >
            AUDIO & VIDEO PRODUCTION
            <div
              className="project-skill__background__icon"
            >
              <img
                className="skill-icon--background"
                src="test-file-stub"
              />
              <img
                className="skill-icon"
                src="test-file-stub"
              />
            </div>
          </div>
        </div>
        <div
          className="project-skill__interest"
        >
          <div
            className="project-skill__interest__button"
            onClick={[Function]}
          >
            I'm Interested
          </div>
        </div>
      </div>
      <div
        className="project-skill-container"
        key="writing"
      >
        <div
          className="project-skill__background"
        >
          <img
            className="project-skill__background__img"
            src="test-file-stub"
          />
          <div
            className="project-skill__background__title"
          >
            WRITING
            <div
              className="project-skill__background__icon"
            >
              <img
                className="skill-icon--background"
                src="test-file-stub"
              />
              <img
                className="skill-icon"
                src="test-file-stub"
              />
            </div>
          </div>
        </div>
        <div
          className="project-skill__interest"
        >
          <div
            className="project-skill__interest__button"
            onClick={[Function]}
          >
            I'm Interested
          </div>
        </div>
      </div>
      <div
        className="project-skill-container"
        key="marketing"
      >
        <div
          className="project-skill__background"
        >
          <img
            className="project-skill__background__img"
            src="test-file-stub"
          />
          <div
            className="project-skill__background__title"
          >
            MARKETING & SOCIAL MEDIA
            <div
              className="project-skill__background__icon"
            >
              <img
                className="skill-icon--background"
                src="test-file-stub"
              />
              <img
                className="skill-icon"
                src="test-file-stub"
              />
            </div>
          </div>
        </div>
        <div
          className="project-skill__interest"
        >
          <div
            className="project-skill__interest__button"
            onClick={[Function]}
          >
            I'm Interested
          </div>
        </div>
      </div>
    </div>
    <div
      className="project-team"
    >
      <div
        className="project-team__container"
      >
        <div
          className="project-team__title"
        >
          The Team
        </div>
        <div
          className="project-team__subtitle"
        >
          Great projects are the result dozens to hundreds of individual tasks being completed with skill and care. Check out the people that have made this project special with their individual contributions.
        </div>
        <div
          className="project-chart"
        >
          <div
            className="tooltip-hidden"
            id="tooltip"
          >
            <span
              id="value"
            >
              100
            </span>
          </div>
        </div>
        <div
          className="project-team__contributors-container"
        >
          <div
            className="project-team__leader-name"
          >
            Team Leader 
          </div>
           
          <div
            className="project-team__contributors"
          >
            <img
              className="project-team__leader-avatar"
            />
          </div>
        </div>
      </div>
    </div>
    <div
      className="project-interest"
    >
      <button
        className="button project-interest__button"
        onClick={[Function]}
      >
        I’m Interested
      </button>
      <p
        className="project-interest__text"
      >
        Let the project leaders know that you are interested in the project so they can invite you to tasks that you are qualified for.
      </p>
    </div>
  </div>
</Project>
`;
