// Jest Snapshot v1, https://goo.gl/fbAQLP

exports[`TaskDetails renders component correctly 1`] = `
<TaskDetails
  task={
    Object {
      "batch": Object {
        "specialty": null,
      },
      "contributor": Object {
        "image": null,
        "name": null,
      },
      "mission": Object {
        "name": null,
        "url": null,
      },
      "project": Object {
        "name": null,
        "url": null,
      },
      "status": null,
      "token": Object {
        "currency": "test",
        "logo": "test",
      },
    }
  }
>
  <styled.div>
    <StyledComponent
      forwardedComponent={
        Object {
          "$$typeof": Symbol(react.forward_ref),
          "attrs": Array [],
          "componentStyle": ComponentStyle {
            "componentId": "sc-eNQAEJ",
            "isStatic": true,
            "lastClassName": "bjSSok",
            "rules": Array [
              "
  background-color: white;
",
            ],
          },
          "displayName": "styled.div",
          "foldedComponentIds": Array [],
          "render": [Function],
          "styledComponentId": "sc-eNQAEJ",
          "target": "div",
          "toString": [Function],
          "warnTooManyClasses": [Function],
          "withComponent": [Function],
        }
      }
      forwardedRef={null}
    >
      <div
        className="sc-eNQAEJ bjSSok"
      >
        <styled.div>
          <StyledComponent
            forwardedComponent={
              Object {
                "$$typeof": Symbol(react.forward_ref),
                "attrs": Array [],
                "componentStyle": ComponentStyle {
                  "componentId": "sc-kEYyzF",
                  "isStatic": true,
                  "lastClassName": "jMiqDF",
                  "rules": Array [
                    "
  background-color: white;
",
                  ],
                },
                "displayName": "styled.div",
                "foldedComponentIds": Array [],
                "render": [Function],
                "styledComponentId": "sc-kEYyzF",
                "target": "div",
                "toString": [Function],
                "warnTooManyClasses": [Function],
                "withComponent": [Function],
              }
            }
            forwardedRef={null}
          >
            <div
              className="sc-kEYyzF jMiqDF"
            >
              <styled.div>
                <StyledComponent
                  forwardedComponent={
                    Object {
                      "$$typeof": Symbol(react.forward_ref),
                      "attrs": Array [],
                      "componentStyle": ComponentStyle {
                        "componentId": "sc-kkGfuU",
                        "isStatic": true,
                        "lastClassName": "spFZT",
                        "rules": Array [
                          "
  height: 140px;
  background-image: url(",
                          "test-file-stub",
                          ");
  background-position: center;
  background-size: cover;
  font-family: Montserrat;
  font-size: 30px;
  font-weight: 900;
  font-style: normal;
  font-stretch: normal;
  line-height: normal;
  letter-spacing: normal;
  text-align: center;
  color: #ffffff;
  text-transform: uppercase;
  display: flex;
  flex-direction: column;
  justify-content: center;
",
                        ],
                      },
                      "displayName": "styled.div",
                      "foldedComponentIds": Array [],
                      "render": [Function],
                      "styledComponentId": "sc-kkGfuU",
                      "target": "div",
                      "toString": [Function],
                      "warnTooManyClasses": [Function],
                      "withComponent": [Function],
                    }
                  }
                  forwardedRef={null}
                >
                  <div
                    className="sc-kkGfuU spFZT"
                  />
                </StyledComponent>
              </styled.div>
            </div>
          </StyledComponent>
        </styled.div>
        <BackButton>
          <styled.div>
            <StyledComponent
              forwardedComponent={
                Object {
                  "$$typeof": Symbol(react.forward_ref),
                  "attrs": Array [],
                  "componentStyle": ComponentStyle {
                    "componentId": "sc-jKJlTe",
                    "isStatic": true,
                    "lastClassName": "BaWwA",
                    "rules": Array [
                      "
  position: absolute;
  top: 20px;
  left: 20px;
  cursor: pointer;

  @media (max-width: 1024px) {
    display: none;
  }
",
                    ],
                  },
                  "displayName": "styled.div",
                  "foldedComponentIds": Array [],
                  "render": [Function],
                  "styledComponentId": "sc-jKJlTe",
                  "target": "div",
                  "toString": [Function],
                  "warnTooManyClasses": [Function],
                  "withComponent": [Function],
                }
              }
              forwardedRef={null}
            >
              <div
                className="sc-jKJlTe BaWwA"
              >
                <Icon
                  className=""
                  name="iconCloseCopy.svg"
                  onClick={[Function]}
                >
                  <img
                    className="icon icon__iconCloseCopy-svg"
                    onClick={[Function]}
                    src="test-file-stub"
                  />
                </Icon>
              </div>
            </StyledComponent>
          </styled.div>
        </BackButton>
        <styled.div>
          <StyledComponent
            forwardedComponent={
              Object {
                "$$typeof": Symbol(react.forward_ref),
                "attrs": Array [],
                "componentStyle": ComponentStyle {
                  "componentId": "sc-hMqMXs",
                  "isStatic": true,
                  "lastClassName": "iaddco",
                  "rules": Array [
                    "
  padding: 25px 150px 25px 150px;
  min-height: 50vh;
  margin-top: -110px;

  @media (max-width: 1024px) {
    padding: 25px 15px 25px 15px;
  }
",
                  ],
                },
                "displayName": "styled.div",
                "foldedComponentIds": Array [],
                "render": [Function],
                "styledComponentId": "sc-hMqMXs",
                "target": "div",
                "toString": [Function],
                "warnTooManyClasses": [Function],
                "withComponent": [Function],
              }
            }
            forwardedRef={null}
          >
            <div
              className="sc-hMqMXs iaddco"
            >
              <MyTask
                displayActions={false}
                task={
                  Object {
                    "batch": Object {
                      "specialty": null,
                    },
                    "contributor": Object {
                      "image": null,
                      "name": null,
                    },
                    "mission": Object {
                      "name": null,
                      "url": null,
                    },
                    "project": Object {
                      "name": null,
                      "url": null,
                    },
                    "status": null,
                    "token": Object {
                      "currency": "test",
                      "logo": "test",
                    },
                  }
                }
              >
                <styled.div>
                  <StyledComponent
                    forwardedComponent={
                      Object {
                        "$$typeof": Symbol(react.forward_ref),
                        "attrs": Array [],
                        "componentStyle": ComponentStyle {
                          "componentId": "sc-htoDjs",
                          "isStatic": true,
                          "lastClassName": "iiaZQg",
                          "rules": Array [
                            "
  display: flex;
  flex-direction: column;
  box-shadow: 0 5px 10px 0 rgba(0, 0, 0, 0.1);
  height: 80px;
  padding: 10px 20px;
  margin-bottom: 10px;
  text-transform: uppercase;
  background-color: white;
",
                          ],
                        },
                        "displayName": "styled.div",
                        "foldedComponentIds": Array [],
                        "render": [Function],
                        "styledComponentId": "sc-htoDjs",
                        "target": "div",
                        "toString": [Function],
                        "warnTooManyClasses": [Function],
                        "withComponent": [Function],
                      }
                    }
                    forwardedRef={null}
                  >
                    <div
                      className="sc-htoDjs iiaZQg"
                    >
                      <styled.div
                        status={null}
                      >
                        <StyledComponent
                          forwardedComponent={
                            Object {
                              "$$typeof": Symbol(react.forward_ref),
                              "attrs": Array [],
                              "componentStyle": ComponentStyle {
                                "componentId": "sc-dnqmqq",
                                "isStatic": false,
                                "lastClassName": "gwUKif",
                                "rules": Array [
                                  "
  width: 2px;
  height: 100px;
  box-shadow: 0 5px 10px 0 rgba(0, 0, 0, .2);
  background-color: #5037f7;
  z-index: 10;
  position: absolute;
  margin-left: -20px;
  margin-top: -10px;

  ",
                                  [Function],
                                  "

  ",
                                  [Function],
                                  "

  ",
                                  [Function],
                                  "

  ",
                                  [Function],
                                  "

  ",
                                  [Function],
                                  "

  ",
                                  [Function],
                                  "
",
                                ],
                              },
                              "displayName": "styled.div",
                              "foldedComponentIds": Array [],
                              "render": [Function],
                              "styledComponentId": "sc-dnqmqq",
                              "target": "div",
                              "toString": [Function],
                              "warnTooManyClasses": [Function],
                              "withComponent": [Function],
                            }
                          }
                          forwardedRef={null}
                          status={null}
                        >
                          <div
                            className="sc-dnqmqq gwUKif"
                          />
                        </StyledComponent>
                      </styled.div>
                      <styled.div>
                        <StyledComponent
                          forwardedComponent={
                            Object {
                              "$$typeof": Symbol(react.forward_ref),
                              "attrs": Array [],
                              "componentStyle": ComponentStyle {
                                "componentId": "sc-iwsKbI",
                                "isStatic": true,
                                "lastClassName": "enWBVh",
                                "rules": Array [
                                  "
  margin-bottom: 10px;
  display: flex;
  width: 100%;
  justify-content: space-between;
  align-items: flex-start;
",
                                ],
                              },
                              "displayName": "styled.div",
                              "foldedComponentIds": Array [],
                              "render": [Function],
                              "styledComponentId": "sc-iwsKbI",
                              "target": "div",
                              "toString": [Function],
                              "warnTooManyClasses": [Function],
                              "withComponent": [Function],
                            }
                          }
                          forwardedRef={null}
                        >
                          <div
                            className="sc-iwsKbI enWBVh"
                          >
                            <styled.div>
                              <StyledComponent
                                forwardedComponent={
                                  Object {
                                    "$$typeof": Symbol(react.forward_ref),
                                    "attrs": Array [],
                                    "componentStyle": ComponentStyle {
                                      "componentId": "sc-VigVT",
                                      "isStatic": true,
                                      "lastClassName": "jsKpKw",
                                      "rules": Array [
                                        "
  font-family: Montserrat;
  font-size: 16px;
  font-weight: bold;
  font-style: normal;
  font-stretch: normal;
  line-height: normal;
  letter-spacing: normal;
  color: #3a3a3a;
",
                                      ],
                                    },
                                    "displayName": "styled.div",
                                    "foldedComponentIds": Array [],
                                    "render": [Function],
                                    "styledComponentId": "sc-VigVT",
                                    "target": "div",
                                    "toString": [Function],
                                    "warnTooManyClasses": [Function],
                                    "withComponent": [Function],
                                  }
                                }
                                forwardedRef={null}
                              >
                                <div
                                  className="sc-VigVT jsKpKw"
                                />
                              </StyledComponent>
                            </styled.div>
                            <CurrencyAmount
                              amount=""
                              currency="test"
                              logoUrl="test"
                            >
                              <styled.div>
                                <StyledComponent
                                  forwardedComponent={
                                    Object {
                                      "$$typeof": Symbol(react.forward_ref),
                                      "attrs": Array [],
                                      "componentStyle": ComponentStyle {
                                        "componentId": "sc-bdVaJa",
                                        "isStatic": true,
                                        "lastClassName": "ehXycH",
                                        "rules": Array [
                                          "
  display: flex;
  flex-direction: row;
  align-items: center;
  font-family: Montserrat;
  font-size: 14px;
  font-weight: bold;
  color: #201662;
",
                                        ],
                                      },
                                      "displayName": "styled.div",
                                      "foldedComponentIds": Array [],
                                      "render": [Function],
                                      "styledComponentId": "sc-bdVaJa",
                                      "target": "div",
                                      "toString": [Function],
                                      "warnTooManyClasses": [Function],
                                      "withComponent": [Function],
                                    }
                                  }
                                  forwardedRef={null}
                                >
                                  <div
                                    className="sc-bdVaJa ehXycH"
                                  >
                                    <styled.div>
                                      <StyledComponent
                                        forwardedComponent={
                                          Object {
                                            "$$typeof": Symbol(react.forward_ref),
                                            "attrs": Array [],
                                            "componentStyle": ComponentStyle {
                                              "componentId": "sc-bwzfXH",
                                              "isStatic": true,
                                              "lastClassName": "eNKWhX",
                                              "rules": Array [
                                                "
  margin-right: 0.5em;
",
                                              ],
                                            },
                                            "displayName": "styled.div",
                                            "foldedComponentIds": Array [],
                                            "render": [Function],
                                            "styledComponentId": "sc-bwzfXH",
                                            "target": "div",
                                            "toString": [Function],
                                            "warnTooManyClasses": [Function],
                                            "withComponent": [Function],
                                          }
                                        }
                                        forwardedRef={null}
                                      >
                                        <div
                                          className="sc-bwzfXH eNKWhX"
                                        />
                                      </StyledComponent>
                                    </styled.div>
                                    <styled.div>
                                      <StyledComponent
                                        forwardedComponent={
                                          Object {
                                            "$$typeof": Symbol(react.forward_ref),
                                            "attrs": Array [],
                                            "componentStyle": ComponentStyle {
                                              "componentId": "sc-htpNat",
                                              "isStatic": true,
                                              "lastClassName": "eglqcF",
                                              "rules": Array [
                                                "
  margin-right: 0.5em;
  text-transform: uppercase;
",
                                              ],
                                            },
                                            "displayName": "styled.div",
                                            "foldedComponentIds": Array [],
                                            "render": [Function],
                                            "styledComponentId": "sc-htpNat",
                                            "target": "div",
                                            "toString": [Function],
                                            "warnTooManyClasses": [Function],
                                            "withComponent": [Function],
                                          }
                                        }
                                        forwardedRef={null}
                                      >
                                        <div
                                          className="sc-htpNat eglqcF"
                                        >
                                          test
                                        </div>
                                      </StyledComponent>
                                    </styled.div>
                                    <styled.img
                                      alt="test logo"
                                      src="test"
                                    >
                                      <StyledComponent
                                        alt="test logo"
                                        forwardedComponent={
                                          Object {
                                            "$$typeof": Symbol(react.forward_ref),
                                            "attrs": Array [],
                                            "componentStyle": ComponentStyle {
                                              "componentId": "sc-bxivhb",
                                              "isStatic": true,
                                              "lastClassName": "iJrLVE",
                                              "rules": Array [
                                                "
  height: 14px;
",
                                              ],
                                            },
                                            "displayName": "styled.img",
                                            "foldedComponentIds": Array [],
                                            "render": [Function],
                                            "styledComponentId": "sc-bxivhb",
                                            "target": "img",
                                            "toString": [Function],
                                            "warnTooManyClasses": [Function],
                                            "withComponent": [Function],
                                          }
                                        }
                                        forwardedRef={null}
                                        src="test"
                                      >
                                        <img
                                          alt="test logo"
                                          className="sc-bxivhb iJrLVE"
                                          src="test"
                                        />
                                      </StyledComponent>
                                    </styled.img>
                                  </div>
                                </StyledComponent>
                              </styled.div>
                            </CurrencyAmount>
                          </div>
                        </StyledComponent>
                      </styled.div>
                      <styled.div>
                        <StyledComponent
                          forwardedComponent={
                            Object {
                              "$$typeof": Symbol(react.forward_ref),
                              "attrs": Array [],
                              "componentStyle": ComponentStyle {
                                "componentId": "sc-gZMcBi",
                                "isStatic": true,
                                "lastClassName": "cMjsy",
                                "rules": Array [
                                  "
  min-height: 28px;
  margin-bottom: 12px;
  display: flex;
  width: 100%;
  justify-content: space-between;
",
                                ],
                              },
                              "displayName": "styled.div",
                              "foldedComponentIds": Array [],
                              "render": [Function],
                              "styledComponentId": "sc-gZMcBi",
                              "target": "div",
                              "toString": [Function],
                              "warnTooManyClasses": [Function],
                              "withComponent": [Function],
                            }
                          }
                          forwardedRef={null}
                        >
                          <div
                            className="sc-gZMcBi cMjsy"
                          >
                            <styled.div>
                              <StyledComponent
                                forwardedComponent={
                                  Object {
                                    "$$typeof": Symbol(react.forward_ref),
                                    "attrs": Array [],
                                    "componentStyle": ComponentStyle {
                                      "componentId": "sc-jTzLTM",
                                      "isStatic": true,
                                      "lastClassName": "liyEvD",
                                      "rules": Array [
                                        "
  margin-right: auto;
",
                                      ],
                                    },
                                    "displayName": "styled.div",
                                    "foldedComponentIds": Array [],
                                    "render": [Function],
                                    "styledComponentId": "sc-jTzLTM",
                                    "target": "div",
                                    "toString": [Function],
                                    "warnTooManyClasses": [Function],
                                    "withComponent": [Function],
                                  }
                                }
                                forwardedRef={null}
                              >
                                <div
                                  className="sc-jTzLTM liyEvD"
                                >
                                  <styled.div>
                                    <StyledComponent
                                      forwardedComponent={
                                        Object {
                                          "$$typeof": Symbol(react.forward_ref),
                                          "attrs": Array [],
                                          "componentStyle": ComponentStyle {
                                            "componentId": "sc-jzJRlG",
                                            "isStatic": true,
                                            "lastClassName": "DVEmp",
                                            "rules": Array [
                                              "
  font-family: Montserrat;
  font-size: 12px;
  font-weight: 600;
  font-style: normal;
  font-stretch: normal;
  line-height: 1.4;
  letter-spacing: normal;
  color: #4a4a4a;
  text-transform: none;

  a {
    text-decoration: none;
    color: #0089f4;

    &:hover {
      text-decoration: underline;
    }
  }
",
                                            ],
                                          },
                                          "displayName": "styled.div",
                                          "foldedComponentIds": Array [],
                                          "render": [Function],
                                          "styledComponentId": "sc-jzJRlG",
                                          "target": "div",
                                          "toString": [Function],
                                          "warnTooManyClasses": [Function],
                                          "withComponent": [Function],
                                        }
                                      }
                                      forwardedRef={null}
                                    >
                                      <div
                                        className="sc-jzJRlG DVEmp"
                                      >
                                        PROJECT: 
                                        <a
                                          href={null}
                                        />
                                      </div>
                                    </StyledComponent>
                                  </styled.div>
                                </div>
                              </StyledComponent>
                            </styled.div>
                          </div>
                        </StyledComponent>
                      </styled.div>
                      <styled.div>
                        <StyledComponent
                          forwardedComponent={
                            Object {
                              "$$typeof": Symbol(react.forward_ref),
                              "attrs": Array [],
                              "componentStyle": ComponentStyle {
                                "componentId": "sc-gqjmRU",
                                "isStatic": true,
                                "lastClassName": "kpfwRn",
                                "rules": Array [
                                  "
  display: flex;
  width: 100%;
",
                                ],
                              },
                              "displayName": "styled.div",
                              "foldedComponentIds": Array [],
                              "render": [Function],
                              "styledComponentId": "sc-gqjmRU",
                              "target": "div",
                              "toString": [Function],
                              "warnTooManyClasses": [Function],
                              "withComponent": [Function],
                            }
                          }
                          forwardedRef={null}
                        >
                          <div
                            className="sc-gqjmRU kpfwRn"
                          >
                            <styled.div>
                              <StyledComponent
                                forwardedComponent={
                                  Object {
                                    "$$typeof": Symbol(react.forward_ref),
                                    "attrs": Array [],
                                    "componentStyle": ComponentStyle {
                                      "componentId": "sc-chPdSV",
                                      "isStatic": true,
                                      "lastClassName": "fmIsbg",
                                      "rules": Array [
                                        "
  font-family: Montserrat;
  font-size: 10px;
  font-weight: 500;
  font-style: normal;
  font-stretch: normal;
  line-height: normal;
  letter-spacing: normal;
  margin-right: 2em;

  b {
    font-weight: 900;
  }
",
                                      ],
                                    },
                                    "displayName": "styled.div",
                                    "foldedComponentIds": Array [],
                                    "render": [Function],
                                    "styledComponentId": "sc-chPdSV",
                                    "target": "div",
                                    "toString": [Function],
                                    "warnTooManyClasses": [Function],
                                    "withComponent": [Function],
                                  }
                                }
                                forwardedRef={null}
                              >
                                <div
                                  className="sc-chPdSV fmIsbg"
                                >
                                  <b>
                                     
                                  </b>
                                   ago
                                </div>
                              </StyledComponent>
                            </styled.div>
                            <styled.div>
                              <StyledComponent
                                forwardedComponent={
                                  Object {
                                    "$$typeof": Symbol(react.forward_ref),
                                    "attrs": Array [],
                                    "componentStyle": ComponentStyle {
                                      "componentId": "sc-kgoBCf",
                                      "isStatic": true,
                                      "lastClassName": "dLssdm",
                                      "rules": Array [
                                        "
  font-family: Montserrat;
  font-size: 10px;
  font-weight: 500;
  font-style: normal;
  font-stretch: normal;
  line-height: normal;
  letter-spacing: normal;
  margin-right: 2em;

  b {
    font-weight: 900;
  }
",
                                      ],
                                    },
                                    "displayName": "styled.div",
                                    "foldedComponentIds": Array [],
                                    "render": [Function],
                                    "styledComponentId": "sc-kgoBCf",
                                    "target": "div",
                                    "toString": [Function],
                                    "warnTooManyClasses": [Function],
                                    "withComponent": [Function],
                                  }
                                }
                                forwardedRef={null}
                              >
                                <div
                                  className="sc-kgoBCf dLssdm"
                                >
                                  <b>
                                    TYPE 
                                  </b>
                                  General
                                </div>
                              </StyledComponent>
                            </styled.div>
                          </div>
                        </StyledComponent>
                      </styled.div>
                    </div>
                  </StyledComponent>
                </styled.div>
              </MyTask>
              <styled.div>
                <StyledComponent
                  forwardedComponent={
                    Object {
                      "$$typeof": Symbol(react.forward_ref),
                      "attrs": Array [],
                      "componentStyle": ComponentStyle {
                        "componentId": "sc-hSdWYo",
                        "isStatic": true,
                        "lastClassName": "lpnxDn",
                        "rules": Array [
                          "
  padding: 30px 40px;
  box-shadow: 0 5px 10px 0 rgba(0, 0, 0, 0.1);
  background-color: #ffffff;
  margin-top: -9px;
  margin-bottom: 10px;

  img {
    max-width: 80px;
    max-height: 80px;
    border: 1px solid transparent;

    &:hover {
      border: 1px solid #0089f4;
    }
  }
",
                        ],
                      },
                      "displayName": "styled.div",
                      "foldedComponentIds": Array [],
                      "render": [Function],
                      "styledComponentId": "sc-hSdWYo",
                      "target": "div",
                      "toString": [Function],
                      "warnTooManyClasses": [Function],
                      "withComponent": [Function],
                    }
                  }
                  forwardedRef={null}
                >
                  <div
                    className="sc-hSdWYo lpnxDn"
                  >
                    <styled.h2>
                      <StyledComponent
                        forwardedComponent={
                          Object {
                            "$$typeof": Symbol(react.forward_ref),
                            "attrs": Array [],
                            "componentStyle": ComponentStyle {
                              "componentId": "sc-iAyFgw",
                              "isStatic": true,
                              "lastClassName": "hinXRC",
                              "rules": Array [
                                "
  text-transform: uppercase;
  margin-top: 0;
  margin-bottom: 20px;
  font-family: Montserrat;
  font-size: 18px;
  font-weight: bold;
  font-style: normal;
  font-stretch: normal;
  line-height: normal;
  letter-spacing: normal;
  color: #3a3a3a;
",
                              ],
                            },
                            "displayName": "styled.h2",
                            "foldedComponentIds": Array [],
                            "render": [Function],
                            "styledComponentId": "sc-iAyFgw",
                            "target": "h2",
                            "toString": [Function],
                            "warnTooManyClasses": [Function],
                            "withComponent": [Function],
                          }
                        }
                        forwardedRef={null}
                      >
                        <h2
                          className="sc-iAyFgw hinXRC"
                        >
                          Task Details
                        </h2>
                      </StyledComponent>
                    </styled.h2>
                    <ContentBlock
                      title="what is the expected benefit"
                    >
                      <styled.div>
                        <StyledComponent
                          forwardedComponent={
                            Object {
                              "$$typeof": Symbol(react.forward_ref),
                              "attrs": Array [],
                              "componentStyle": ComponentStyle {
                                "componentId": "sc-kpOJdX",
                                "isStatic": true,
                                "lastClassName": "bJrnVu",
                                "rules": Array [
                                  "
  margin-bottom: 25px;
",
                                ],
                              },
                              "displayName": "styled.div",
                              "foldedComponentIds": Array [],
                              "render": [Function],
                              "styledComponentId": "sc-kpOJdX",
                              "target": "div",
                              "toString": [Function],
                              "warnTooManyClasses": [Function],
                              "withComponent": [Function],
                            }
                          }
                          forwardedRef={null}
                        >
                          <div
                            className="sc-kpOJdX bJrnVu"
                          >
                            <styled.div>
                              <StyledComponent
                                forwardedComponent={
                                  Object {
                                    "$$typeof": Symbol(react.forward_ref),
                                    "attrs": Array [],
                                    "componentStyle": ComponentStyle {
                                      "componentId": "sc-dxgOiQ",
                                      "isStatic": true,
                                      "lastClassName": "jLWQEG",
                                      "rules": Array [
                                        "
  font-family: Montserrat;
  font-size: 12px;
  font-weight: bold;
  font-style: normal;
  font-stretch: normal;
  line-height: normal;
  letter-spacing: normal;
  color: #3a3a3a;
  text-transform: uppercase;
  margin-bottom: 5px;
",
                                      ],
                                    },
                                    "displayName": "styled.div",
                                    "foldedComponentIds": Array [],
                                    "render": [Function],
                                    "styledComponentId": "sc-dxgOiQ",
                                    "target": "div",
                                    "toString": [Function],
                                    "warnTooManyClasses": [Function],
                                    "withComponent": [Function],
                                  }
                                }
                                forwardedRef={null}
                              >
                                <div
                                  className="sc-dxgOiQ jLWQEG"
                                >
                                  what is the expected benefit
                                </div>
                              </StyledComponent>
                            </styled.div>
                            <styled.div>
                              <StyledComponent
                                forwardedComponent={
                                  Object {
                                    "$$typeof": Symbol(react.forward_ref),
                                    "attrs": Array [],
                                    "componentStyle": ComponentStyle {
                                      "componentId": "sc-ckVGcZ",
                                      "isStatic": true,
                                      "lastClassName": "hytmMM",
                                      "rules": Array [
                                        "
  font-family: Georgia;
  font-size: 14px;
  font-weight: normal;
  font-style: normal;
  font-stretch: normal;
  line-height: normal;
  letter-spacing: normal;
  color: #4a4a4a;
",
                                      ],
                                    },
                                    "displayName": "styled.div",
                                    "foldedComponentIds": Array [],
                                    "render": [Function],
                                    "styledComponentId": "sc-ckVGcZ",
                                    "target": "div",
                                    "toString": [Function],
                                    "warnTooManyClasses": [Function],
                                    "withComponent": [Function],
                                  }
                                }
                                forwardedRef={null}
                              >
                                <div
                                  className="sc-ckVGcZ hytmMM"
                                />
                              </StyledComponent>
                            </styled.div>
                          </div>
                        </StyledComponent>
                      </styled.div>
                    </ContentBlock>
                    <ContentBlock
                      title="description"
                    >
                      <styled.div>
                        <StyledComponent
                          forwardedComponent={
                            Object {
                              "$$typeof": Symbol(react.forward_ref),
                              "attrs": Array [],
                              "componentStyle": ComponentStyle {
                                "componentId": "sc-kpOJdX",
                                "isStatic": true,
                                "lastClassName": "bJrnVu",
                                "rules": Array [
                                  "
  margin-bottom: 25px;
",
                                ],
                              },
                              "displayName": "styled.div",
                              "foldedComponentIds": Array [],
                              "render": [Function],
                              "styledComponentId": "sc-kpOJdX",
                              "target": "div",
                              "toString": [Function],
                              "warnTooManyClasses": [Function],
                              "withComponent": [Function],
                            }
                          }
                          forwardedRef={null}
                        >
                          <div
                            className="sc-kpOJdX bJrnVu"
                          >
                            <styled.div>
                              <StyledComponent
                                forwardedComponent={
                                  Object {
                                    "$$typeof": Symbol(react.forward_ref),
                                    "attrs": Array [],
                                    "componentStyle": ComponentStyle {
                                      "componentId": "sc-dxgOiQ",
                                      "isStatic": true,
                                      "lastClassName": "jLWQEG",
                                      "rules": Array [
                                        "
  font-family: Montserrat;
  font-size: 12px;
  font-weight: bold;
  font-style: normal;
  font-stretch: normal;
  line-height: normal;
  letter-spacing: normal;
  color: #3a3a3a;
  text-transform: uppercase;
  margin-bottom: 5px;
",
                                      ],
                                    },
                                    "displayName": "styled.div",
                                    "foldedComponentIds": Array [],
                                    "render": [Function],
                                    "styledComponentId": "sc-dxgOiQ",
                                    "target": "div",
                                    "toString": [Function],
                                    "warnTooManyClasses": [Function],
                                    "withComponent": [Function],
                                  }
                                }
                                forwardedRef={null}
                              >
                                <div
                                  className="sc-dxgOiQ jLWQEG"
                                >
                                  description
                                </div>
                              </StyledComponent>
                            </styled.div>
                            <styled.div>
                              <StyledComponent
                                forwardedComponent={
                                  Object {
                                    "$$typeof": Symbol(react.forward_ref),
                                    "attrs": Array [],
                                    "componentStyle": ComponentStyle {
                                      "componentId": "sc-ckVGcZ",
                                      "isStatic": true,
                                      "lastClassName": "hytmMM",
                                      "rules": Array [
                                        "
  font-family: Georgia;
  font-size: 14px;
  font-weight: normal;
  font-style: normal;
  font-stretch: normal;
  line-height: normal;
  letter-spacing: normal;
  color: #4a4a4a;
",
                                      ],
                                    },
                                    "displayName": "styled.div",
                                    "foldedComponentIds": Array [],
                                    "render": [Function],
                                    "styledComponentId": "sc-ckVGcZ",
                                    "target": "div",
                                    "toString": [Function],
                                    "warnTooManyClasses": [Function],
                                    "withComponent": [Function],
                                  }
                                }
                                forwardedRef={null}
                              >
                                <div
                                  className="sc-ckVGcZ hytmMM"
                                />
                              </StyledComponent>
                            </styled.div>
                          </div>
                        </StyledComponent>
                      </styled.div>
                    </ContentBlock>
                    <ContentBlock
                      title="acceptance criterias"
                    >
                      <styled.div>
                        <StyledComponent
                          forwardedComponent={
                            Object {
                              "$$typeof": Symbol(react.forward_ref),
                              "attrs": Array [],
                              "componentStyle": ComponentStyle {
                                "componentId": "sc-kpOJdX",
                                "isStatic": true,
                                "lastClassName": "bJrnVu",
                                "rules": Array [
                                  "
  margin-bottom: 25px;
",
                                ],
                              },
                              "displayName": "styled.div",
                              "foldedComponentIds": Array [],
                              "render": [Function],
                              "styledComponentId": "sc-kpOJdX",
                              "target": "div",
                              "toString": [Function],
                              "warnTooManyClasses": [Function],
                              "withComponent": [Function],
                            }
                          }
                          forwardedRef={null}
                        >
                          <div
                            className="sc-kpOJdX bJrnVu"
                          >
                            <styled.div>
                              <StyledComponent
                                forwardedComponent={
                                  Object {
                                    "$$typeof": Symbol(react.forward_ref),
                                    "attrs": Array [],
                                    "componentStyle": ComponentStyle {
                                      "componentId": "sc-dxgOiQ",
                                      "isStatic": true,
                                      "lastClassName": "jLWQEG",
                                      "rules": Array [
                                        "
  font-family: Montserrat;
  font-size: 12px;
  font-weight: bold;
  font-style: normal;
  font-stretch: normal;
  line-height: normal;
  letter-spacing: normal;
  color: #3a3a3a;
  text-transform: uppercase;
  margin-bottom: 5px;
",
                                      ],
                                    },
                                    "displayName": "styled.div",
                                    "foldedComponentIds": Array [],
                                    "render": [Function],
                                    "styledComponentId": "sc-dxgOiQ",
                                    "target": "div",
                                    "toString": [Function],
                                    "warnTooManyClasses": [Function],
                                    "withComponent": [Function],
                                  }
                                }
                                forwardedRef={null}
                              >
                                <div
                                  className="sc-dxgOiQ jLWQEG"
                                >
                                  acceptance criterias
                                </div>
                              </StyledComponent>
                            </styled.div>
                            <styled.div>
                              <StyledComponent
                                forwardedComponent={
                                  Object {
                                    "$$typeof": Symbol(react.forward_ref),
                                    "attrs": Array [],
                                    "componentStyle": ComponentStyle {
                                      "componentId": "sc-ckVGcZ",
                                      "isStatic": true,
                                      "lastClassName": "hytmMM",
                                      "rules": Array [
                                        "
  font-family: Georgia;
  font-size: 14px;
  font-weight: normal;
  font-style: normal;
  font-stretch: normal;
  line-height: normal;
  letter-spacing: normal;
  color: #4a4a4a;
",
                                      ],
                                    },
                                    "displayName": "styled.div",
                                    "foldedComponentIds": Array [],
                                    "render": [Function],
                                    "styledComponentId": "sc-ckVGcZ",
                                    "target": "div",
                                    "toString": [Function],
                                    "warnTooManyClasses": [Function],
                                    "withComponent": [Function],
                                  }
                                }
                                forwardedRef={null}
                              >
                                <div
                                  className="sc-ckVGcZ hytmMM"
                                />
                              </StyledComponent>
                            </styled.div>
                          </div>
                        </StyledComponent>
                      </styled.div>
                    </ContentBlock>
                  </div>
                </StyledComponent>
              </styled.div>
            </div>
          </StyledComponent>
        </styled.div>
      </div>
    </StyledComponent>
  </styled.div>
</TaskDetails>
`;
